url
http://www.iana.org//domains/root/db/ac.html
http://www.iana.org//domains/root/db/ad.html
http://www.iana.org//domains/root/db/ae.html
http://www.iana.org//domains/root/db/aero.html
http://www.iana.org//domains/root/db/af.html
http://www.iana.org//domains/root/db/ag.html
http://www.iana.org//domains/root/db/ai.html
http://www.iana.org//domains/root/db/al.html
http://www.iana.org//domains/root/db/am.html
http://www.iana.org//domains/root/db/an.html
http://www.iana.org//domains/root/db/ao.html
http://www.iana.org//domains/root/db/aq.html
http://www.iana.org//domains/root/db/ar.html
http://www.iana.org//domains/root/db/arpa.html
http://www.iana.org//domains/root/db/as.html
http://www.iana.org//domains/root/db/asia.html
http://www.iana.org//domains/root/db/at.html
http://www.iana.org//domains/root/db/au.html
http://www.iana.org//domains/root/db/aw.html
http://www.iana.org//domains/root/db/ax.html
http://www.iana.org//domains/root/db/az.html
http://www.iana.org//domains/root/db/ba.html
http://www.iana.org//domains/root/db/bb.html
http://www.iana.org//domains/root/db/bd.html
http://www.iana.org//domains/root/db/be.html
http://www.iana.org//domains/root/db/bf.html
http://www.iana.org//domains/root/db/bg.html
http://www.iana.org//domains/root/db/bh.html
http://www.iana.org//domains/root/db/bi.html
http://www.iana.org//domains/root/db/biz.html
http://www.iana.org//domains/root/db/bj.html
http://www.iana.org//domains/root/db/bl.html
http://www.iana.org//domains/root/db/bm.html
http://www.iana.org//domains/root/db/bn.html
http://www.iana.org//domains/root/db/bo.html
http://www.iana.org//domains/root/db/bq.html
http://www.iana.org//domains/root/db/br.html
http://www.iana.org//domains/root/db/bs.html
http://www.iana.org//domains/root/db/bt.html
http://www.iana.org//domains/root/db/bv.html
http://www.iana.org//domains/root/db/bw.html
http://www.iana.org//domains/root/db/by.html
http://www.iana.org//domains/root/db/bz.html
http://www.iana.org//domains/root/db/ca.html
http://www.iana.org//domains/root/db/cat.html
http://www.iana.org//domains/root/db/cc.html
http://www.iana.org//domains/root/db/cd.html
http://www.iana.org//domains/root/db/cf.html
http://www.iana.org//domains/root/db/cg.html
http://www.iana.org//domains/root/db/ch.html
http://www.iana.org//domains/root/db/ci.html
http://www.iana.org//domains/root/db/ck.html
http://www.iana.org//domains/root/db/cl.html
http://www.iana.org//domains/root/db/cm.html
http://www.iana.org//domains/root/db/cn.html
http://www.iana.org//domains/root/db/co.html
http://www.iana.org//domains/root/db/com.html
http://www.iana.org//domains/root/db/coop.html
http://www.iana.org//domains/root/db/cr.html
http://www.iana.org//domains/root/db/cu.html
http://www.iana.org//domains/root/db/cv.html
http://www.iana.org//domains/root/db/cw.html
http://www.iana.org//domains/root/db/cx.html
http://www.iana.org//domains/root/db/cy.html
http://www.iana.org//domains/root/db/cz.html
http://www.iana.org//domains/root/db/de.html
http://www.iana.org//domains/root/db/dj.html
http://www.iana.org//domains/root/db/dk.html
http://www.iana.org//domains/root/db/dm.html
http://www.iana.org//domains/root/db/do.html
http://www.iana.org//domains/root/db/dz.html
http://www.iana.org//domains/root/db/ec.html
http://www.iana.org//domains/root/db/edu.html
http://www.iana.org//domains/root/db/ee.html
http://www.iana.org//domains/root/db/eg.html
http://www.iana.org//domains/root/db/eh.html
http://www.iana.org//domains/root/db/er.html
http://www.iana.org//domains/root/db/es.html
http://www.iana.org//domains/root/db/et.html
http://www.iana.org//domains/root/db/eu.html
http://www.iana.org//domains/root/db/fi.html
http://www.iana.org//domains/root/db/fj.html
http://www.iana.org//domains/root/db/fk.html
http://www.iana.org//domains/root/db/fm.html
http://www.iana.org//domains/root/db/fo.html
http://www.iana.org//domains/root/db/fr.html
http://www.iana.org//domains/root/db/ga.html
http://www.iana.org//domains/root/db/gb.html
http://www.iana.org//domains/root/db/gd.html
http://www.iana.org//domains/root/db/ge.html
http://www.iana.org//domains/root/db/gf.html
http://www.iana.org//domains/root/db/gg.html
http://www.iana.org//domains/root/db/gh.html
http://www.iana.org//domains/root/db/gi.html
http://www.iana.org//domains/root/db/gl.html
http://www.iana.org//domains/root/db/gm.html
http://www.iana.org//domains/root/db/gn.html
http://www.iana.org//domains/root/db/gov.html
http://www.iana.org//domains/root/db/gp.html
http://www.iana.org//domains/root/db/gq.html
http://www.iana.org//domains/root/db/gr.html
http://www.iana.org//domains/root/db/gs.html
http://www.iana.org//domains/root/db/gt.html
http://www.iana.org//domains/root/db/gu.html
http://www.iana.org//domains/root/db/gw.html
http://www.iana.org//domains/root/db/gy.html
http://www.iana.org//domains/root/db/hk.html
http://www.iana.org//domains/root/db/hm.html
http://www.iana.org//domains/root/db/hn.html
http://www.iana.org//domains/root/db/hr.html
http://www.iana.org//domains/root/db/ht.html
http://www.iana.org//domains/root/db/hu.html
http://www.iana.org//domains/root/db/id.html
http://www.iana.org//domains/root/db/ie.html
http://www.iana.org//domains/root/db/il.html
http://www.iana.org//domains/root/db/im.html
http://www.iana.org//domains/root/db/in.html
http://www.iana.org//domains/root/db/info.html
http://www.iana.org//domains/root/db/int.html
http://www.iana.org//domains/root/db/io.html
http://www.iana.org//domains/root/db/iq.html
http://www.iana.org//domains/root/db/ir.html
http://www.iana.org//domains/root/db/is.html
http://www.iana.org//domains/root/db/it.html
http://www.iana.org//domains/root/db/je.html
http://www.iana.org//domains/root/db/jm.html
http://www.iana.org//domains/root/db/jo.html
http://www.iana.org//domains/root/db/jobs.html
http://www.iana.org//domains/root/db/jp.html
http://www.iana.org//domains/root/db/ke.html
http://www.iana.org//domains/root/db/kg.html
http://www.iana.org//domains/root/db/kh.html
http://www.iana.org//domains/root/db/ki.html
http://www.iana.org//domains/root/db/km.html
http://www.iana.org//domains/root/db/kn.html
http://www.iana.org//domains/root/db/kp.html
http://www.iana.org//domains/root/db/kr.html
http://www.iana.org//domains/root/db/kw.html
http://www.iana.org//domains/root/db/ky.html
http://www.iana.org//domains/root/db/kz.html
http://www.iana.org//domains/root/db/la.html
http://www.iana.org//domains/root/db/lb.html
http://www.iana.org//domains/root/db/lc.html
http://www.iana.org//domains/root/db/li.html
http://www.iana.org//domains/root/db/lk.html
http://www.iana.org//domains/root/db/lr.html
http://www.iana.org//domains/root/db/ls.html
http://www.iana.org//domains/root/db/lt.html
http://www.iana.org//domains/root/db/lu.html
http://www.iana.org//domains/root/db/lv.html
http://www.iana.org//domains/root/db/ly.html
http://www.iana.org//domains/root/db/ma.html
http://www.iana.org//domains/root/db/mc.html
http://www.iana.org//domains/root/db/md.html
http://www.iana.org//domains/root/db/me.html
http://www.iana.org//domains/root/db/mf.html
http://www.iana.org//domains/root/db/mg.html
http://www.iana.org//domains/root/db/mh.html
http://www.iana.org//domains/root/db/mil.html
http://www.iana.org//domains/root/db/mk.html
http://www.iana.org//domains/root/db/ml.html
http://www.iana.org//domains/root/db/mm.html
http://www.iana.org//domains/root/db/mn.html
http://www.iana.org//domains/root/db/mo.html
http://www.iana.org//domains/root/db/mobi.html
http://www.iana.org//domains/root/db/mp.html
http://www.iana.org//domains/root/db/mq.html
http://www.iana.org//domains/root/db/mr.html
http://www.iana.org//domains/root/db/ms.html
http://www.iana.org//domains/root/db/mt.html
http://www.iana.org//domains/root/db/mu.html
http://www.iana.org//domains/root/db/museum.html
http://www.iana.org//domains/root/db/mv.html
http://www.iana.org//domains/root/db/mw.html
http://www.iana.org//domains/root/db/mx.html
http://www.iana.org//domains/root/db/my.html
http://www.iana.org//domains/root/db/mz.html
http://www.iana.org//domains/root/db/na.html
http://www.iana.org//domains/root/db/name.html
http://www.iana.org//domains/root/db/nc.html
http://www.iana.org//domains/root/db/ne.html
http://www.iana.org//domains/root/db/net.html
http://www.iana.org//domains/root/db/nf.html
http://www.iana.org//domains/root/db/ng.html
http://www.iana.org//domains/root/db/ni.html
http://www.iana.org//domains/root/db/nl.html
http://www.iana.org//domains/root/db/no.html
http://www.iana.org//domains/root/db/np.html
http://www.iana.org//domains/root/db/nr.html
http://www.iana.org//domains/root/db/nu.html
http://www.iana.org//domains/root/db/nz.html
http://www.iana.org//domains/root/db/om.html
http://www.iana.org//domains/root/db/org.html
http://www.iana.org//domains/root/db/pa.html
http://www.iana.org//domains/root/db/pe.html
http://www.iana.org//domains/root/db/pf.html
http://www.iana.org//domains/root/db/pg.html
http://www.iana.org//domains/root/db/ph.html
http://www.iana.org//domains/root/db/pk.html
http://www.iana.org//domains/root/db/pl.html
http://www.iana.org//domains/root/db/pm.html
http://www.iana.org//domains/root/db/pn.html
http://www.iana.org//domains/root/db/pr.html
http://www.iana.org//domains/root/db/pro.html
http://www.iana.org//domains/root/db/ps.html
http://www.iana.org//domains/root/db/pt.html
http://www.iana.org//domains/root/db/pw.html
http://www.iana.org//domains/root/db/py.html
http://www.iana.org//domains/root/db/qa.html
http://www.iana.org//domains/root/db/re.html
http://www.iana.org//domains/root/db/ro.html
http://www.iana.org//domains/root/db/rs.html
http://www.iana.org//domains/root/db/ru.html
http://www.iana.org//domains/root/db/rw.html
http://www.iana.org//domains/root/db/sa.html
http://www.iana.org//domains/root/db/sb.html
http://www.iana.org//domains/root/db/sc.html
http://www.iana.org//domains/root/db/sd.html
http://www.iana.org//domains/root/db/se.html
http://www.iana.org//domains/root/db/sg.html
http://www.iana.org//domains/root/db/sh.html
http://www.iana.org//domains/root/db/si.html
http://www.iana.org//domains/root/db/sj.html
http://www.iana.org//domains/root/db/sk.html
http://www.iana.org//domains/root/db/sl.html
http://www.iana.org//domains/root/db/sm.html
http://www.iana.org//domains/root/db/sn.html
http://www.iana.org//domains/root/db/so.html
http://www.iana.org//domains/root/db/sr.html
http://www.iana.org//domains/root/db/ss.html
http://www.iana.org//domains/root/db/st.html
http://www.iana.org//domains/root/db/su.html
http://www.iana.org//domains/root/db/sv.html
http://www.iana.org//domains/root/db/sx.html
http://www.iana.org//domains/root/db/sy.html
http://www.iana.org//domains/root/db/sz.html
http://www.iana.org//domains/root/db/tc.html
http://www.iana.org//domains/root/db/td.html
http://www.iana.org//domains/root/db/tel.html
http://www.iana.org//domains/root/db/tf.html
http://www.iana.org//domains/root/db/tg.html
http://www.iana.org//domains/root/db/th.html
http://www.iana.org//domains/root/db/tj.html
http://www.iana.org//domains/root/db/tk.html
http://www.iana.org//domains/root/db/tl.html
http://www.iana.org//domains/root/db/tm.html
http://www.iana.org//domains/root/db/tn.html
http://www.iana.org//domains/root/db/to.html
http://www.iana.org//domains/root/db/tp.html
http://www.iana.org//domains/root/db/tr.html
http://www.iana.org//domains/root/db/travel.html
http://www.iana.org//domains/root/db/tt.html
http://www.iana.org//domains/root/db/tv.html
http://www.iana.org//domains/root/db/tw.html
http://www.iana.org//domains/root/db/tz.html
http://www.iana.org//domains/root/db/ua.html
http://www.iana.org//domains/root/db/ug.html
http://www.iana.org//domains/root/db/uk.html
http://www.iana.org//domains/root/db/um.html
http://www.iana.org//domains/root/db/us.html
http://www.iana.org//domains/root/db/uy.html
http://www.iana.org//domains/root/db/uz.html
http://www.iana.org//domains/root/db/va.html
http://www.iana.org//domains/root/db/vc.html
http://www.iana.org//domains/root/db/ve.html
http://www.iana.org//domains/root/db/vg.html
http://www.iana.org//domains/root/db/vi.html
http://www.iana.org//domains/root/db/vn.html
http://www.iana.org//domains/root/db/vu.html
http://www.iana.org//domains/root/db/wf.html
http://www.iana.org//domains/root/db/ws.html
http://www.iana.org//domains/root/db/xn--0zwm56d.html
http://www.iana.org//domains/root/db/xn--11b5bs3a9aj6g.html
http://www.iana.org//domains/root/db/xn--3e0b707e.html
http://www.iana.org//domains/root/db/xn--45brj9c.html
http://www.iana.org//domains/root/db/xn--54b7fta0cc.html
http://www.iana.org//domains/root/db/xn--80akhbyknj4f.html
http://www.iana.org//domains/root/db/xn--80ao21a.html
http://www.iana.org//domains/root/db/xn--90a3ac.html
http://www.iana.org//domains/root/db/xn--9t4b11yi5a.html
http://www.iana.org//domains/root/db/xn--clchc0ea0b2g2a9gcd.html
http://www.iana.org//domains/root/db/xn--deba0ad.html
http://www.iana.org//domains/root/db/xn--fiqs8s.html
http://www.iana.org//domains/root/db/xn--fiqz9s.html
http://www.iana.org//domains/root/db/xn--fpcrj9c3d.html
http://www.iana.org//domains/root/db/xn--fzc2c9e2c.html
http://www.iana.org//domains/root/db/xn--g6w251d.html
http://www.iana.org//domains/root/db/xn--gecrj9c.html
http://www.iana.org//domains/root/db/xn--h2brj9c.html
http://www.iana.org//domains/root/db/xn--hgbk6aj7f53bba.html
http://www.iana.org//domains/root/db/xn--hlcj6aya9esc7a.html
http://www.iana.org//domains/root/db/xn--j1amh.html
http://www.iana.org//domains/root/db/xn--j6w193g.html
http://www.iana.org//domains/root/db/xn--jxalpdlp.html
http://www.iana.org//domains/root/db/xn--kgbechtv.html
http://www.iana.org//domains/root/db/xn--kprw13d.html
http://www.iana.org//domains/root/db/xn--kpry57d.html
http://www.iana.org//domains/root/db/xn--l1acc.html
http://www.iana.org//domains/root/db/xn--lgbbat1ad8j.html
http://www.iana.org//domains/root/db/xn--mgb9awbf.html
http://www.iana.org//domains/root/db/xn--mgba3a4f16a.html
http://www.iana.org//domains/root/db/xn--mgbaam7a8h.html
http://www.iana.org//domains/root/db/xn--mgbai9azgqp6j.html
http://www.iana.org//domains/root/db/xn--mgbayh7gpa.html
http://www.iana.org//domains/root/db/xn--mgbbh1a71e.html
http://www.iana.org//domains/root/db/xn--mgbc0a9azcg.html
http://www.iana.org//domains/root/db/xn--mgberp4a5d4ar.html
http://www.iana.org//domains/root/db/xn--mgbx4cd0ab.html
http://www.iana.org//domains/root/db/xn--node.html
http://www.iana.org//domains/root/db/xn--o3cw4h.html
http://www.iana.org//domains/root/db/xn--ogbpf8fl.html
http://www.iana.org//domains/root/db/xn--p1ai.html
http://www.iana.org//domains/root/db/xn--pgbs0dh.html
http://www.iana.org//domains/root/db/xn--s9brj9c.html
http://www.iana.org//domains/root/db/xn--wgbh1c.html
http://www.iana.org//domains/root/db/xn--wgbl6a.html
http://www.iana.org//domains/root/db/xn--xkc2al3hye2a.html
http://www.iana.org//domains/root/db/xn--xkc2dl3a5ee0h.html
http://www.iana.org//domains/root/db/xn--yfro4i67o.html
http://www.iana.org//domains/root/db/xn--ygbi2ammx.html
http://www.iana.org//domains/root/db/xn--zckzah.html
http://www.iana.org//domains/root/db/xxx.html
http://www.iana.org//domains/root/db/ye.html
http://www.iana.org//domains/root/db/yt.html
http://www.iana.org//domains/root/db/za.html
http://www.iana.org//domains/root/db/zm.html
http://www.iana.org//domains/root/db/zw.html
